BYJUC@DESKTOP-V9J3RFF MINGW64 /d/BYJU/PERSONAL/GROWTH/MyProject (master)
$ git status
On branch master

No commits yet

Untracked files:
  (use "git add <file>..." to include in what will be committed)
        git
        test1.txt

nothing added to commit but untracked files present (use "git add" to track)

BYJUC@DESKTOP-V9J3RFF MINGW64 /d/BYJU/PERSONAL/GROWTH/MyProject (master)
$ git add test1.txt

BYJUC@DESKTOP-V9J3RFF MINGW64 /d/BYJU/PERSONAL/GROWTH/MyProject (master)
$ git status
On branch master

No commits yet

Changes to be committed:
  (use "git rm --cached <file>..." to unstage)
        new file:   test1.txt

Untracked files:
  (use "git add <file>..." to include in what will be committed)
        git


BYJUC@DESKTOP-V9J3RFF MINGW64 /d/BYJU/PERSONAL/GROWTH/MyProject (master)
$ git status
On branch master

No commits yet

Changes to be committed:
  (use "git rm --cached <file>..." to unstage)
        new file:   test1.txt

Untracked files:
  (use "git add <file>..." to include in what will be committed)
        git


BYJUC@DESKTOP-V9J3RFF MINGW64 /d/BYJU/PERSONAL/GROWTH/MyProject (master)
$ git commit -m "Added test1.txt"
[master (root-commit) c011771] Added test1.txt
 1 file changed, 10 insertions(+)
 create mode 100644 test1.txt

BYJUC@DESKTOP-V9J3RFF MINGW64 /d/BYJU/PERSONAL/GROWTH/MyProject (master)
$ git status
On branch master
Untracked files:
  (use "git add <file>..." to include in what will be committed)
        git

nothing added to commit but untracked files present (use "git add" to track)

BYJUC@DESKTOP-V9J3RFF MINGW64 /d/BYJU/PERSONAL/GROWTH/MyProject (master)
$ git status
On branch master
Changes not staged for commit:
  (use "git add <file>..." to update what will be committed)
  (use "git restore <file>..." to discard changes in working directory)
        modified:   test1.txt

Untracked files:
  (use "git add <file>..." to include in what will be committed)
        git
        index.html

no changes added to commit (use "git add" and/or "git commit -a")

BYJUC@DESKTOP-V9J3RFF MINGW64 /d/BYJU/PERSONAL/GROWTH/MyProject (master)
$ git add *.*

BYJUC@DESKTOP-V9J3RFF MINGW64 /d/BYJU/PERSONAL/GROWTH/MyProject (master)
$ git status
On branch master
Changes to be committed:
  (use "git restore --staged <file>..." to unstage)
        new file:   index.html
        modified:   test1.txt

Untracked files:
  (use "git add <file>..." to include in what will be committed)
        git


BYJUC@DESKTOP-V9J3RFF MINGW64 /d/BYJU/PERSONAL/GROWTH/MyProject (master)
$ git commit - m "Committted"
error: pathspec '-' did not match any file(s) known to git
error: pathspec 'm' did not match any file(s) known to git
error: pathspec 'Committted' did not match any file(s) known to git

BYJUC@DESKTOP-V9J3RFF MINGW64 /d/BYJU/PERSONAL/GROWTH/MyProject (master)
$ git ststus
git: 'ststus' is not a git command. See 'git --help'.

The most similar command is
        status

BYJUC@DESKTOP-V9J3RFF MINGW64 /d/BYJU/PERSONAL/GROWTH/MyProject (master)
$ git status
On branch master
Changes to be committed:
  (use "git restore --staged <file>..." to unstage)
        new file:   index.html
        modified:   test1.txt

Untracked files:
  (use "git add <file>..." to include in what will be committed)
        git


BYJUC@DESKTOP-V9J3RFF MINGW64 /d/BYJU/PERSONAL/GROWTH/MyProject (master)
$ git status
On branch master
Changes to be committed:
  (use "git restore --staged <file>..." to unstage)
        new file:   index.html
        modified:   test1.txt

Untracked files:
  (use "git add <file>..." to include in what will be committed)
        git


BYJUC@DESKTOP-V9J3RFF MINGW64 /d/BYJU/PERSONAL/GROWTH/MyProject (master)
$ git remote add origin https://github.com/MEBYJUC/Repo3.git

BYJUC@DESKTOP-V9J3RFF MINGW64 /d/BYJU/PERSONAL/GROWTH/MyProject (master)
$ git push -u origin master
Enumerating objects: 3, done.
Counting objects: 100% (3/3), done.
Delta compression using up to 4 threads
Compressing objects: 100% (2/2), done.
Writing objects: 100% (3/3), 414 bytes | 414.00 KiB/s, done.
Total 3 (delta 0), reused 0 (delta 0), pack-reused 0
To https://github.com/MEBYJUC/Repo3.git
 * [new branch]      master -> master
Branch 'master' set up to track remote branch 'master' from 'origin'.

BYJUC@DESKTOP-V9J3RFF MINGW64 /d/BYJU/PERSONAL/GROWTH/MyProject (master)
$ git config --global user.email "mebyjuc@gmail.com"

BYJUC@DESKTOP-V9J3RFF MINGW64 /d/BYJU/PERSONAL/GROWTH/MyProject (master)
$ git config --global user.name "byju"

BYJUC@DESKTOP-V9J3RFF MINGW64 /d/BYJU/PERSONAL/GROWTH/MyProject (master)
$ git log
commit c011771e382052d24578838f2beb2e1535ade432 (HEAD -> master, origin/master)
Author: MEBYJUC <mebyjuc.gmail.com>
Date:   Mon May 31 16:04:17 2021 +0530

    Added test1.txt

BYJUC@DESKTOP-V9J3RFF MINGW64 /d/BYJU/PERSONAL/GROWTH/MyProject (master)
$ git --help
usage: git [--version] [--help] [-C <path>] [-c <name>=<value>]
           [--exec-path[=<path>]] [--html-path] [--man-path] [--info-path]
           [-p | --paginate | -P | --no-pager] [--no-replace-objects] [--bare]
           [--git-dir=<path>] [--work-tree=<path>] [--namespace=<name>]
           [--super-prefix=<path>] [--config-env=<name>=<envvar>]
           <command> [<args>]

These are common Git commands used in various situations:

start a working area (see also: git help tutorial)
   clone             Clone a repository into a new directory
   init              Create an empty Git repository or reinitialize an existing one

work on the current change (see also: git help everyday)
   add               Add file contents to the index
   mv                Move or rename a file, a directory, or a symlink
   restore           Restore working tree files
   rm                Remove files from the working tree and from the index
   sparse-checkout   Initialize and modify the sparse-checkout

examine the history and state (see also: git help revisions)
   bisect            Use binary search to find the commit that introduced a bug
   diff              Show changes between commits, commit and working tree, etc
   grep              Print lines matching a pattern
   log               Show commit logs
   show              Show various types of objects
   status            Show the working tree status

grow, mark and tweak your common history
   branch            List, create, or delete branches
   commit            Record changes to the repository
   merge             Join two or more development histories together
   rebase            Reapply commits on top of another base tip
   reset             Reset current HEAD to the specified state
   switch            Switch branches
   tag               Create, list, delete or verify a tag object signed with GPG

collaborate (see also: git help workflows)
   fetch             Download objects and refs from another repository
   pull              Fetch from and integrate with another repository or a local branch
   push              Update remote refs along with associated objects

'git help -a' and 'git help -g' list available subcommands and some
concept guides. See 'git help <command>' or 'git help <concept>'
to read about a specific subcommand or concept.
See 'git help git' for an overview of the system.

BYJUC@DESKTOP-V9J3RFF MINGW64 /d/BYJU/PERSONAL/GROWTH/MyProject (master)
$
